###############################################################################
#
# IAR ELF Linker V8.11.3.13950/W32 for ARM                02/Nov/2017  19:56:54
# Copyright 2007-2017 IAR Systems AB.
#
#    Output file  =  C:\Users\chenb24\Desktop\EE474-lab#4\Debug\Exe\lab#4.out
#    Map file     =  C:\Users\chenb24\Desktop\EE474-lab#4\Debug\List\lab#4.map
#    Command line =  
#        -f C:\Users\chenb24\AppData\Local\Temp\EW3D22.tmp
#        (C:\Users\chenb24\Desktop\EE474-lab#4\Debug\Obj\main.o
#        C:\Users\chenb24\Desktop\EE474-lab#4\Debug\Obj\startup-lab#4.o -o
#        C:\Users\chenb24\Desktop\EE474-lab#4\Debug\Exe\lab#4.out --redirect
#        _Printf=_PrintfFullNoMb --redirect _Scanf=_ScanfFullNoMb --map
#        C:\Users\chenb24\Desktop\EE474-lab#4\Debug\List\lab#4.map --config
#        "C:\Program Files (x86)\IAR Systems\Embedded Workbench
#        8.0\arm\config\linker\TexasInstruments\TM4C123BH6.icf" --semihosting
#        --entry __iar_program_start --vfe --text_out locale)
#
###############################################################################

*******************************************************************************
*** RUNTIME MODEL ATTRIBUTES
***

CppFlavor       = *
__SystemLibrary = DLib
__dlib_version  = 6


*******************************************************************************
*** HEAP SELECTION
***

The basic heap was selected because some modules are built with
size limitations (and not runtime checking), and --advanced_heap
was not specified.


*******************************************************************************
*** PLACEMENT SUMMARY
***

"A0":  place at 0x00000000 { ro section .intvec };
"P1":  place in [from 0x00000000 to 0x0003ffff] { ro };
define block CSTACK with size = 4K, alignment = 8 { };
define block HEAP with size = 8K, alignment = 8 { };
"P2":  place in [from 0x20000000 to 0x20007fff] {
          rw, block CSTACK, block HEAP };

  Section          Kind        Address    Size  Object
  -------          ----        -------    ----  ------
"A0":                                     0xbc
  .intvec          const    0x00000000    0xbc  startup-lab#4.o [1]
                          - 0x000000bc    0xbc

"P1":                                    0xc6c
  .text            ro code  0x000000bc   0x4c4  main.o [1]
  .text            ro code  0x00000580    0x1a  U32ToDbl.o [4]
  .text            ro code  0x0000059a     0x2  startup-lab#4.o [1]
  .text            ro code  0x0000059c   0x1a2  DblMul.o [4]
  .text            ro code  0x0000073e     0x2  startup-lab#4.o [1]
  .text            ro code  0x00000740   0x246  DblDiv.o [4]
  .text            ro code  0x00000986     0x2  startup-lab#4.o [1]
  .text            ro code  0x00000988    0xe2  DblSub.o [4]
  .text            ro code  0x00000a6a     0x2  startup-lab#4.o [1]
  .text            ro code  0x00000a6c    0x2e  DblCmpGe.o [4]
  .text            ro code  0x00000a9a     0x2  startup-lab#4.o [1]
  .text            ro code  0x00000a9c    0x2e  DblCmpLe.o [4]
  .text            ro code  0x00000aca     0x2  startup-lab#4.o [1]
  .text            ro code  0x00000acc   0x168  DblAdd.o [4]
  .text            ro code  0x00000c34    0x40  zero_init3.o [5]
  .text            ro code  0x00000c74    0x28  data_init.o [5]
  .text            ro code  0x00000c9c    0x22  fpinit_M.o [4]
  .iar.init_table  const    0x00000cc0    0x10  - Linker created -
  .text            ro code  0x00000cd0     0x2  startup-lab#4.o [1]
  .text            ro code  0x00000cd4    0x1a  cmain.o [5]
  .text            ro code  0x00000cee     0x4  low_level_init.o [3]
  .text            ro code  0x00000cf2     0x4  exit.o [3]
  .text            ro code  0x00000cf6     0x2  startup-lab#4.o [1]
  .text            ro code  0x00000cf8     0xa  cexit.o [5]
  .text            ro code  0x00000d02     0x2  startup-lab#4.o [1]
  .text            ro code  0x00000d04    0x14  exit.o [6]
  .text            ro code  0x00000d18    0x10  startup-lab#4.o [1]
  .rodata          const    0x00000d28     0x0  zero_init3.o [5]
                          - 0x00000d28   0xc6c

"P2", part 1 of 2:                         0x8
  .bss             zero     0x20000000     0x8  main.o [1]
                          - 0x20000008     0x8

"P2", part 2 of 2:                      0x1000
  CSTACK                    0x20000008  0x1000  <Block>
    CSTACK         uninit   0x20000008  0x1000  <Block tail>
                          - 0x20001008  0x1000


*******************************************************************************
*** INIT TABLE
***

          Address     Size
          -------     ----
Zero (__iar_zero_init3)
    1 destination range, total size 0x8:
          0x20000000   0x8



*******************************************************************************
*** MODULE SUMMARY
***

    Module            ro code  ro data  rw data
    ------            -------  -------  -------
C:\Users\chenb24\Desktop\EE474-lab#4\Debug\Obj: [1]
    main.o              1 220                 8
    startup-lab#4.o        34      188
    -------------------------------------------
    Total:              1 254      188        8

command line: [2]
    -------------------------------------------
    Total:

dl7M_tln.a: [3]
    exit.o                  4
    low_level_init.o        4
    -------------------------------------------
    Total:                  8

m7M_tls.a: [4]
    DblAdd.o              360
    DblCmpGe.o             46
    DblCmpLe.o             46
    DblDiv.o              582
    DblMul.o              418
    DblSub.o              226
    U32ToDbl.o             26
    fpinit_M.o             34
    -------------------------------------------
    Total:              1 738

rt7M_tl.a: [5]
    cexit.o                10
    cmain.o                26
    data_init.o            40
    zero_init3.o           64
    -------------------------------------------
    Total:                140

shb_l.a: [6]
    exit.o                 20
    -------------------------------------------
    Total:                 20

    Gaps                    2        2
    Linker created                  16    4 096
-----------------------------------------------
    Grand Total:        3 162      206    4 104


*******************************************************************************
*** ENTRY LIST
***

Entry                      Address   Size  Type      Object
-----                      -------   ----  ----      ------
.iar.init_table$$Base   0x00000cc0          --   Gb  - Linker created -
.iar.init_table$$Limit  0x00000cd0          --   Gb  - Linker created -
?main                   0x00000cd5         Code  Gb  cmain.o [5]
ADC0_Handler            0x000001dd   0x42  Code  Gb  main.o [1]
CSTACK$$Base            0x20000008          --   Gb  - Linker created -
CSTACK$$Limit           0x20001008          --   Gb  - Linker created -
Handler_PF              0x000000d7   0x54  Code  Gb  main.o [1]
Region$$Table$$Base     0x00000cc0          --   Gb  - Linker created -
Region$$Table$$Limit    0x00000cd0          --   Gb  - Linker created -
Timer_Handler_0A        0x000001bb   0x22  Code  Gb  main.o [1]
__aeabi_cdcmple         0x00000a9d         Code  Gb  DblCmpLe.o [4]
__aeabi_cdrcmple        0x00000a6d         Code  Gb  DblCmpGe.o [4]
__aeabi_ddiv            0x00000741         Code  Gb  DblDiv.o [4]
__aeabi_dmul            0x0000059d         Code  Gb  DblMul.o [4]
__aeabi_dsub            0x00000989         Code  Gb  DblSub.o [4]
__aeabi_ui2d            0x00000581         Code  Gb  U32ToDbl.o [4]
__cmain                 0x00000cd5         Code  Gb  cmain.o [5]
__exit                  0x00000d05   0x14  Code  Gb  exit.o [6]
__iar_dadd              0x00000999         Code  Gb  DblSub.o [4]
__iar_data_init3        0x00000c75   0x28  Code  Gb  data_init.o [5]
__iar_dsub              0x00000acd         Code  Gb  DblAdd.o [4]
__iar_dsubStart         0x00000adf         Code  Gb  DblAdd.o [4]
__iar_init_vfp          0x00000c9d         Code  Gb  fpinit_M.o [4]
__iar_program_start     0x00000d19   0x10  Code  Gb  startup-lab#4.o [1]
__iar_systems$$module {Abs}
                        0x00000001         Data  Gb  command line/config [2]
__iar_zero_init3        0x00000c35   0x40  Code  Gb  zero_init3.o [5]
__low_level_init        0x00000cef    0x4  Code  Gb  low_level_init.o [3]
__vector_table          0x00000000   0xbc  Data  Gb  startup-lab#4.o [1]
_call_main              0x00000ce1         Code  Gb  cmain.o [5]
_exit                   0x00000cf9         Code  Gb  cexit.o [5]
_main                   0x00000ceb         Code  Gb  cmain.o [5]
delay                   0x000004ad    0xc  Code  Gb  main.o [1]
exit                    0x00000cf3    0x4  Code  Gb  exit.o [3]
indication              0x0000021f  0x11a  Code  Gb  main.o [1]
initialize_ADC          0x0000043d   0x70  Code  Gb  main.o [1]
initialize_GPIO         0x00000339   0x9c  Code  Gb  main.o [1]
initialize_PLL          0x0000012b   0x90  Code  Gb  main.o [1]
initialize_TIMER        0x000003d5   0x68  Code  Gb  main.o [1]
main                    0x000000bd   0x1a  Code  Gb  main.o [1]
temp                    0x20000000    0x8  Data  Gb  main.o [1]


[1] = C:\Users\chenb24\Desktop\EE474-lab#4\Debug\Obj
[2] = command line
[3] = dl7M_tln.a
[4] = m7M_tls.a
[5] = rt7M_tl.a
[6] = shb_l.a

  3 162 bytes of readonly  code memory
    206 bytes of readonly  data memory
  4 104 bytes of readwrite data memory

Errors: none
Warnings: none
