###############################################################################
#
# IAR ELF Linker V8.11.3.13950/W32 for ARM                26/Oct/2017  02:16:28
# Copyright 2007-2017 IAR Systems AB.
#
#    Output file  =  C:\Users\chenb24\Desktop\EE474-lab#3\Debug\Exe\lab#3.out
#    Map file     =  C:\Users\chenb24\Desktop\EE474-lab#3\Debug\List\lab#3.map
#    Command line =  
#        -f C:\Users\chenb24\AppData\Local\Temp\EW95EB.tmp
#        (C:\Users\chenb24\Desktop\EE474-lab#3\Debug\Obj\main.o
#        C:\Users\chenb24\Desktop\EE474-lab#3\Debug\Obj\startup-lab#3.o -o
#        C:\Users\chenb24\Desktop\EE474-lab#3\Debug\Exe\lab#3.out --redirect
#        _Printf=_PrintfFullNoMb --redirect _Scanf=_ScanfFullNoMb --map
#        C:\Users\chenb24\Desktop\EE474-lab#3\Debug\List\lab#3.map --config
#        "C:\Program Files (x86)\IAR Systems\Embedded Workbench
#        8.0\arm\config\linker\TexasInstruments\TM4C123GH6.icf" --semihosting
#        --entry __iar_program_start --vfe --text_out locale)
#
###############################################################################

*******************************************************************************
*** RUNTIME MODEL ATTRIBUTES
***

CppFlavor       = *
__SystemLibrary = DLib
__dlib_version  = 6


*******************************************************************************
*** HEAP SELECTION
***

The basic heap was selected because some modules are built with
size limitations (and not runtime checking), and --advanced_heap
was not specified.


*******************************************************************************
*** PLACEMENT SUMMARY
***

"A0":  place at 0x00000000 { ro section .intvec };
"P1":  place in [from 0x00000000 to 0x0003ffff] { ro };
define block CSTACK with size = 4K, alignment = 8 { };
define block HEAP with size = 8K, alignment = 8 { };
"P2":  place in [from 0x20000000 to 0x20007fff] {
          rw, block CSTACK, block HEAP };
initialize by copy { rw };

  Section            Kind        Address    Size  Object
  -------            ----        -------    ----  ------
"A0":                                       0xbc
  .intvec            const    0x00000000    0xbc  startup-lab#3.o [1]
                            - 0x000000bc    0xbc

"P1":                                      0x28c
  .text              ro code  0x000000bc   0x198  main.o [1]
  .text              ro code  0x00000254    0x2c  copy_init3.o [5]
  .text              ro code  0x00000280    0x28  data_init.o [5]
  .text              ro code  0x000002a8    0x22  fpinit_M.o [4]
  .iar.init_table    const    0x000002cc    0x14  - Linker created -
  .text              ro code  0x000002e0     0x2  startup-lab#3.o [1]
  .text              ro code  0x000002e4    0x1a  cmain.o [5]
  .text              ro code  0x000002fe     0x4  low_level_init.o [3]
  .text              ro code  0x00000302     0x4  exit.o [3]
  .text              ro code  0x00000306     0x2  startup-lab#3.o [1]
  .text              ro code  0x00000308     0xa  cexit.o [5]
  .text              ro code  0x00000312     0x2  startup-lab#3.o [1]
  .text              ro code  0x00000314    0x14  exit.o [6]
  .text              ro code  0x00000328    0x10  startup-lab#3.o [1]
  Initializer bytes  const    0x00000338     0x4  <for P2-1>
  .text              ro code  0x0000033c     0x2  startup-lab#3.o [1]
  .text              ro code  0x0000033e     0x2  startup-lab#3.o [1]
  .text              ro code  0x00000340     0x2  startup-lab#3.o [1]
  .text              ro code  0x00000342     0x2  startup-lab#3.o [1]
  .text              ro code  0x00000344     0x2  startup-lab#3.o [1]
  .text              ro code  0x00000346     0x2  startup-lab#3.o [1]
  .rodata            const    0x00000348     0x0  copy_init3.o [5]
                            - 0x00000348   0x28c

"P2", part 1 of 2:                           0x4
  P2-1                        0x20000000     0x4  <Init block>
    .data            inited   0x20000000     0x4  main.o [1]
                            - 0x20000004     0x4

"P2", part 2 of 2:                        0x1000
  CSTACK                      0x20000008  0x1000  <Block>
    CSTACK           uninit   0x20000008  0x1000  <Block tail>
                            - 0x20001008  0x1000


*******************************************************************************
*** INIT TABLE
***

          Address     Size
          -------     ----
Copy (__iar_copy_init3)
    1 source range, total size 0x4:
          0x00000338   0x4
    1 destination range, total size 0x4:
          0x20000000   0x4



*******************************************************************************
*** MODULE SUMMARY
***

    Module            ro code  ro data  rw data
    ------            -------  -------  -------
C:\Users\chenb24\Desktop\EE474-lab#3\Debug\Obj: [1]
    main.o                408        4        4
    startup-lab#3.o        34      188
    -------------------------------------------
    Total:                442      192        4

command line: [2]
    -------------------------------------------
    Total:

dl7M_tln.a: [3]
    exit.o                  4
    low_level_init.o        4
    -------------------------------------------
    Total:                  8

m7M_tls.a: [4]
    fpinit_M.o             34
    -------------------------------------------
    Total:                 34

rt7M_tl.a: [5]
    cexit.o                10
    cmain.o                26
    copy_init3.o           44
    data_init.o            40
    -------------------------------------------
    Total:                120

shb_l.a: [6]
    exit.o                 20
    -------------------------------------------
    Total:                 20

    Gaps                    2        2
    Linker created                  20    4 096
-----------------------------------------------
    Grand Total:          626      214    4 100


*******************************************************************************
*** ENTRY LIST
***

Entry                      Address  Size  Type      Object
-----                      -------  ----  ----      ------
.iar.init_table$$Base   0x000002cc         --   Gb  - Linker created -
.iar.init_table$$Limit  0x000002e0         --   Gb  - Linker created -
?main                   0x000002e5        Code  Gb  cmain.o [5]
CSTACK$$Base            0x20000008         --   Gb  - Linker created -
CSTACK$$Limit           0x20001008         --   Gb  - Linker created -
Handler_PF              0x000000ef  0x46  Code  Gb  main.o [1]
Region$$Table$$Base     0x000002cc         --   Gb  - Linker created -
Region$$Table$$Limit    0x000002e0         --   Gb  - Linker created -
Timer_Handler_0A        0x000000bd  0x32  Code  Gb  main.o [1]
__cmain                 0x000002e5        Code  Gb  cmain.o [5]
__exit                  0x00000315  0x14  Code  Gb  exit.o [6]
__iar_copy_init3        0x00000255  0x2c  Code  Gb  copy_init3.o [5]
__iar_data_init3        0x00000281  0x28  Code  Gb  data_init.o [5]
__iar_init_vfp          0x000002a9        Code  Gb  fpinit_M.o [4]
__iar_program_start     0x00000329  0x10  Code  Gb  startup-lab#3.o [1]
__iar_systems$$module {Abs}
                        0x00000001        Data  Gb  command line/config [2]
__low_level_init        0x000002ff   0x4  Code  Gb  low_level_init.o [3]
__vector_table          0x00000000  0xbc  Data  Gb  startup-lab#3.o [1]
_call_main              0x000002f1        Code  Gb  cmain.o [5]
_exit                   0x00000309        Code  Gb  cexit.o [5]
_main                   0x000002fb        Code  Gb  cmain.o [5]
exit                    0x00000303   0x4  Code  Gb  exit.o [3]
initialize_GPIO         0x00000141  0x64  Code  Gb  main.o [1]
initialize_TIMER        0x000001a5  0x58  Code  Gb  main.o [1]
led                     0x20000000   0x4  Data  Gb  main.o [1]
main                    0x00000135   0xc  Code  Gb  main.o [1]


[1] = C:\Users\chenb24\Desktop\EE474-lab#3\Debug\Obj
[2] = command line
[3] = dl7M_tln.a
[4] = m7M_tls.a
[5] = rt7M_tl.a
[6] = shb_l.a

    626 bytes of readonly  code memory
    214 bytes of readonly  data memory
  4 100 bytes of readwrite data memory

Errors: none
Warnings: none
