###############################################################################
#
# IAR ELF Linker V8.11.3.13950/W32 for ARM                16/Oct/2017  13:37:47
# Copyright 2007-2017 IAR Systems AB.
#
#    Output file  =  
#        \\vmware-host\Shared
#        Folders\Desktop\UW\EE474\EE474-lab#1\lab#1\Debug\Exe\lab#1.out
#    Map file     =  
#        \\vmware-host\Shared
#        Folders\Desktop\UW\EE474\EE474-lab#1\lab#1\Debug\List\lab#1.map
#    Command line =  
#        -f C:\Users\CHENBA~1\AppData\Local\Temp\EWB61D.tmp
#        ("\\vmware-host\Shared
#        Folders\Desktop\UW\EE474\EE474-lab#1\lab#1\Debug\Obj\main.o" -o
#        "\\vmware-host\Shared
#        Folders\Desktop\UW\EE474\EE474-lab#1\lab#1\Debug\Exe\lab#1.out"
#        --redirect _Printf=_PrintfFullNoMb --redirect _Scanf=_ScanfFullNoMb
#        --map "\\vmware-host\Shared
#        Folders\Desktop\UW\EE474\EE474-lab#1\lab#1\Debug\List\lab#1.map"
#        --config "C:\Program Files (x86)\IAR Systems\Embedded Workbench
#        8.0\arm\config\linker\TexasInstruments\TM4C123GH6.icf" --semihosting
#        --entry __iar_program_start --vfe --text_out locale)
#
###############################################################################

*******************************************************************************
*** RUNTIME MODEL ATTRIBUTES
***

CppFlavor       = *
__SystemLibrary = DLib
__dlib_version  = 6


*******************************************************************************
*** HEAP SELECTION
***

The basic heap was selected because some modules are built with
size limitations (and not runtime checking), and --advanced_heap
was not specified.


*******************************************************************************
*** PLACEMENT SUMMARY
***

"A0":  place at 0x00000000 { ro section .intvec };
"P1":  place in [from 0x00000000 to 0x0003ffff] { ro };
define block CSTACK with size = 4K, alignment = 8 { };
define block HEAP with size = 8K, alignment = 8 { };
"P2":  place in [from 0x20000000 to 0x20007fff] {
          rw, block CSTACK, block HEAP };

  Section   Kind        Address    Size  Object
  -------   ----        -------    ----  ------
"A0":                              0x40
  .intvec   ro code  0x00000000    0x40  vector_table_M.o [5]
                   - 0x00000040    0x40

"P1":                              0xf0
  .text     ro code  0x00000040    0x7c  main.o [1]
  .text     ro code  0x000000bc    0x22  fpinit_M.o [4]
  .text     ro code  0x000000de     0x2  vector_table_M.o [5]
  .text     ro code  0x000000e0    0x1a  cmain.o [5]
  .text     ro code  0x000000fa     0x4  low_level_init.o [3]
  .text     ro code  0x000000fe     0x4  exit.o [3]
  .text     ro code  0x00000104     0xa  cexit.o [5]
  .text     ro code  0x00000110    0x14  exit.o [6]
  .text     ro code  0x00000124     0xc  cstartup_M.o [5]
                   - 0x00000130    0xf0

"P2":                            0x1000
  CSTACK             0x20000000  0x1000  <Block>
    CSTACK  uninit   0x20000000  0x1000  <Block tail>
                   - 0x20001000  0x1000



*******************************************************************************
*** MODULE SUMMARY
***

    Module            ro code  rw data
    ------            -------  -------
\\vmware-host\Shared Folders\Desktop\UW\EE474\EE474-lab#1\lab#1\Debug\Obj: [1]
    main.o                124
    ----------------------------------
    Total:                124

command line: [2]
    ----------------------------------
    Total:

dl7M_tln.a: [3]
    exit.o                  4
    low_level_init.o        4
    ----------------------------------
    Total:                  8

m7M_tls.a: [4]
    fpinit_M.o             34
    ----------------------------------
    Total:                 34

rt7M_tl.a: [5]
    cexit.o                10
    cmain.o                26
    cstartup_M.o           12
    vector_table_M.o       66
    ----------------------------------
    Total:                114

shb_l.a: [6]
    exit.o                 20
    ----------------------------------
    Total:                 20

    Gaps                    4
    Linker created               4 096
--------------------------------------
    Grand Total:          304    4 096


*******************************************************************************
*** ENTRY LIST
***

Entry                      Address  Size  Type      Object
-----                      -------  ----  ----      ------
?main                   0x000000e1        Code  Gb  cmain.o [5]
CSTACK$$Base            0x20000000         --   Gb  - Linker created -
CSTACK$$Limit           0x20001000         --   Gb  - Linker created -
Region$$Table$$Base     0x00000000         --   Gb  - Linker created -
Region$$Table$$Limit    0x00000000         --   Gb  - Linker created -
__cmain                 0x000000e1        Code  Gb  cmain.o [5]
__exit                  0x00000111  0x14  Code  Gb  exit.o [6]
__iar_init_vfp          0x000000bd        Code  Gb  fpinit_M.o [4]
__iar_program_start     0x00000125        Code  Gb  cstartup_M.o [5]
__iar_systems$$module {Abs}
                        0x00000001        Data  Gb  command line/config [2]
__low_level_init        0x000000fb   0x4  Code  Gb  low_level_init.o [3]
__vector_table          0x00000000        Data  Gb  vector_table_M.o [5]
_call_main              0x000000ed        Code  Gb  cmain.o [5]
_exit                   0x00000105        Code  Gb  cexit.o [5]
_main                   0x000000f7        Code  Gb  cmain.o [5]
delay                   0x00000099   0xe  Code  Gb  main.o [1]
exit                    0x000000ff   0x4  Code  Gb  exit.o [3]
main                    0x00000041  0x58  Code  Gb  main.o [1]


[1] = \\vmware-host\Shared Folders\Desktop\UW\EE474\EE474-lab#1\lab#1\Debug\Obj
[2] = command line
[3] = dl7M_tln.a
[4] = m7M_tls.a
[5] = rt7M_tl.a
[6] = shb_l.a

    304 bytes of readonly  code memory
  4 096 bytes of readwrite data memory

Errors: none
Warnings: none
