###############################################################################
#
# IAR ELF Linker V8.11.3.13950/W32 for ARM                12/Nov/2017  20:13:33
# Copyright 2007-2017 IAR Systems AB.
#
#    Output file  =  C:\Users\chenb24\Desktop\EE474-lab#5\Debug\Exe\lab#5.out
#    Map file     =  C:\Users\chenb24\Desktop\EE474-lab#5\Debug\List\lab#5.map
#    Command line =  
#        -f C:\Users\chenb24\AppData\Local\Temp\EW95FB.tmp
#        (C:\Users\chenb24\Desktop\EE474-lab#5\Debug\Obj\main.o
#        C:\Users\chenb24\Desktop\EE474-lab#5\Debug\Obj\startup-lab.o -o
#        C:\Users\chenb24\Desktop\EE474-lab#5\Debug\Exe\lab#5.out --redirect
#        _Printf=_PrintfFullNoMb --redirect _Scanf=_ScanfFullNoMb --map
#        C:\Users\chenb24\Desktop\EE474-lab#5\Debug\List\lab#5.map --config
#        "C:\Program Files (x86)\IAR Systems\Embedded Workbench
#        8.0\arm\config\linker\TexasInstruments\TM4C123GH6.icf" --semihosting
#        --entry __iar_program_start --vfe --text_out locale)
#
###############################################################################

*******************************************************************************
*** RUNTIME MODEL ATTRIBUTES
***

CppFlavor       = *
__SystemLibrary = DLib
__dlib_version  = 6


*******************************************************************************
*** HEAP SELECTION
***

The basic heap was selected because some modules are built with
size limitations (and not runtime checking), and --advanced_heap
was not specified.


*******************************************************************************
*** PLACEMENT SUMMARY
***

"A0":  place at 0x00000000 { ro section .intvec };
"P1":  place in [from 0x00000000 to 0x0003ffff] { ro };
define block CSTACK with size = 4K, alignment = 8 { };
define block HEAP with size = 8K, alignment = 8 { };
"P2":  place in [from 0x20000000 to 0x20007fff] {
          rw, block CSTACK, block HEAP };

  Section          Kind        Address    Size  Object
  -------          ----        -------    ----  ------
"A0":                                     0xbc
  .intvec          const    0x00000000    0xbc  startup-lab.o [1]
                          - 0x000000bc    0xbc

"P1":                                   0x2006
  .text            ro code  0x000000bc   0xdd6  xprintffull_nomb.o [3]
  .text            ro code  0x00000e92     0xa  xsprout.o [3]
  .text            ro code  0x00000e9c    0x16  strchr.o [5]
  .text            ro code  0x00000eb2     0x2  startup-lab.o [1]
  .text            ro code  0x00000eb4    0x44  xfail_s.o [3]
  .text            ro code  0x00000ef8    0x36  strlen.o [5]
  .text            ro code  0x00000f2e     0x2  startup-lab.o [1]
  .text            ro code  0x00000f30    0x58  memchr.o [5]
  .text            ro code  0x00000f88    0xee  I64DivMod.o [5]
  .text            ro code  0x00001076     0x2  startup-lab.o [1]
  .text            ro code  0x00001078   0x1a2  DblMul.o [4]
  .text            ro code  0x0000121a     0x2  startup-lab.o [1]
  .text            ro code  0x0000121c    0x76  ABImemcpy_unaligned.o [5]
  .text            ro code  0x00001292     0x2  startup-lab.o [1]
  .text            ro code  0x00001294    0x70  frexp.o [4]
  .text            ro code  0x00001304    0x2e  DblCmpLe.o [4]
  .text            ro code  0x00001332     0x2  startup-lab.o [1]
  .text            ro code  0x00001334    0x2e  DblCmpGe.o [4]
  .text            ro code  0x00001362     0x2  startup-lab.o [1]
  .text            ro code  0x00001364   0x13a  ldexp.o [4]
  .text            ro code  0x0000149e     0x2  startup-lab.o [1]
  .text            ro code  0x000014a0    0x3a  DblToS32.o [4]
  .text            ro code  0x000014da     0x2  startup-lab.o [1]
  .text            ro code  0x000014dc    0x22  S32ToDbl.o [4]
  .text            ro code  0x000014fe     0x2  startup-lab.o [1]
  .text            ro code  0x00001500    0xe2  DblSub.o [4]
  .text            ro code  0x000015e4   0x246  DblDiv.o [4]
  .text            ro code  0x0000182c    0x28  DblToU32.o [4]
  .text            ro code  0x00001854    0x1a  U32ToDbl.o [4]
  .text            ro code  0x0000186e     0x6  abort.o [3]
  .text            ro code  0x00001874     0x2  I64DivZer.o [5]
  .text            ro code  0x00001878   0x168  DblAdd.o [4]
  .text            ro code  0x000019e0    0x14  exit.o [6]
  .text            ro code  0x000019f4   0x5b4  main.o [1]
  .text            ro code  0x00001fa8    0x40  sprintf.o [3]
  .text            ro code  0x00001fe8    0x40  zero_init3.o [5]
  .text            ro code  0x00002028    0x28  data_init.o [5]
  .text            ro code  0x00002050    0x22  fpinit_M.o [4]
  .iar.init_table  const    0x00002074    0x10  - Linker created -
  .text            ro code  0x00002084    0x1a  cmain.o [5]
  .text            ro code  0x0000209e     0x4  low_level_init.o [3]
  .text            ro code  0x000020a2     0x4  exit.o [3]
  .text            ro code  0x000020a8     0xa  cexit.o [5]
  .text            ro code  0x000020b2    0x10  startup-lab.o [1]
  .rodata          const    0x000020c2     0x0  zero_init3.o [5]
                          - 0x000020c2  0x2006

"P2", part 1 of 2:                         0x4
  .bss             zero     0x20000000     0x4  xfail_s.o [3]
                          - 0x20000004     0x4

"P2", part 2 of 2:                      0x1000
  CSTACK                    0x20000008  0x1000  <Block>
    CSTACK         uninit   0x20000008  0x1000  <Block tail>
                          - 0x20001008  0x1000


*******************************************************************************
*** INIT TABLE
***

          Address     Size
          -------     ----
Zero (__iar_zero_init3)
    1 destination range, total size 0x4:
          0x20000000   0x4



*******************************************************************************
*** MODULE SUMMARY
***

    Module                 ro code  ro data  rw data
    ------                 -------  -------  -------
C:\Users\chenb24\Desktop\EE474-lab#5\Debug\Obj: [1]
    main.o                   1 460
    startup-lab.o               36      188
    ------------------------------------------------
    Total:                   1 496      188

command line: [2]
    ------------------------------------------------
    Total:

dl7M_tln.a: [3]
    abort.o                      6
    exit.o                       4
    low_level_init.o             4
    sprintf.o                   64
    xfail_s.o                   68                 4
    xprintffull_nomb.o       3 542
    xsprout.o                   10
    ------------------------------------------------
    Total:                   3 698                 4

m7M_tls.a: [4]
    DblAdd.o                   360
    DblCmpGe.o                  46
    DblCmpLe.o                  46
    DblDiv.o                   582
    DblMul.o                   418
    DblSub.o                   226
    DblToS32.o                  58
    DblToU32.o                  40
    S32ToDbl.o                  34
    U32ToDbl.o                  26
    fpinit_M.o                  34
    frexp.o                    112
    ldexp.o                    314
    ------------------------------------------------
    Total:                   2 296

rt7M_tl.a: [5]
    ABImemcpy_unaligned.o      118
    I64DivMod.o                238
    I64DivZer.o                  2
    cexit.o                     10
    cmain.o                     26
    data_init.o                 40
    memchr.o                    88
    strchr.o                    22
    strlen.o                    54
    zero_init3.o                64
    ------------------------------------------------
    Total:                     662

shb_l.a: [6]
    exit.o                      20
    ------------------------------------------------
    Total:                      20

    Gaps                         8        2
    Linker created                       16    4 096
----------------------------------------------------
    Grand Total:             8 180      206    4 100


*******************************************************************************
*** ENTRY LIST
***

Entry                      Address   Size  Type      Object
-----                      -------   ----  ----      ------
.iar.init_table$$Base   0x00002074          --   Gb  - Linker created -
.iar.init_table$$Limit  0x00002084          --   Gb  - Linker created -
?main                   0x00002085         Code  Gb  cmain.o [5]
ADC0_Handler            0x00001a6b   0x7c  Code  Gb  main.o [1]
CSTACK$$Base            0x20000008          --   Gb  - Linker created -
CSTACK$$Limit           0x20001008          --   Gb  - Linker created -
LoadInt                 0x0000025b   0x7a  Code  Lc  xprintffull_nomb.o [3]
Region$$Table$$Base     0x00002074          --   Gb  - Linker created -
Region$$Table$$Limit    0x00002084          --   Gb  - Linker created -
UART0_Handler           0x00001a17   0x54  Code  Gb  main.o [1]
_GenldFullNoMb          0x00000bbf  0x248  Code  Lc  xprintffull_nomb.o [3]
_LdtobFullNoMb          0x000007a3  0x3f0  Code  Lc  xprintffull_nomb.o [3]
_LitobFullNoMb          0x00000647  0x116  Code  Lc  xprintffull_nomb.o [3]
_PrintfFullNoMb         0x000000bd  0x190  Code  Gb  xprintffull_nomb.o [3]
_PutcharsFullNoMb       0x00000e07   0x2e  Code  Lc  xprintffull_nomb.o [3]
_PutfldFullNoMb         0x000002d5  0x264  Code  Lc  xprintffull_nomb.o [3]
_PuttxtFullNoMb         0x00000539  0x10e  Code  Lc  xprintffull_nomb.o [3]
_SProut                 0x00000e93    0xa  Code  Gb  xsprout.o [3]
__aeabi_cdcmple         0x00001305         Code  Gb  DblCmpLe.o [4]
__aeabi_cdrcmple        0x00001335         Code  Gb  DblCmpGe.o [4]
__aeabi_d2iz            0x000014a1         Code  Gb  DblToS32.o [4]
__aeabi_d2uiz           0x0000182d         Code  Gb  DblToU32.o [4]
__aeabi_ddiv            0x000015e5         Code  Gb  DblDiv.o [4]
__aeabi_dmul            0x00001079         Code  Gb  DblMul.o [4]
__aeabi_dsub            0x00001501         Code  Gb  DblSub.o [4]
__aeabi_i2d             0x000014dd         Code  Gb  S32ToDbl.o [4]
__aeabi_ldiv0           0x00001875         Code  Gb  I64DivZer.o [5]
__aeabi_ui2d            0x00001855         Code  Gb  U32ToDbl.o [4]
__aeabi_uldivmod        0x00000f89         Code  Gb  I64DivMod.o [5]
__cmain                 0x00002085         Code  Gb  cmain.o [5]
__exit                  0x000019e1   0x14  Code  Gb  exit.o [6]
__iar_Fail_s            0x00000eb5   0x1e  Code  Gb  xfail_s.o [3]
__iar_Memchr            0x00000f31         Code  Gb  memchr.o [5]
__iar_Strchr            0x00000e9d         Code  Gb  strchr.o [5]
__iar_dadd              0x00001511         Code  Gb  DblSub.o [4]
__iar_data_init3        0x00002029   0x28  Code  Gb  data_init.o [5]
__iar_dsub              0x00001879         Code  Gb  DblAdd.o [4]
__iar_dsubStart         0x0000188b         Code  Gb  DblAdd.o [4]
__iar_frexp             0x000012a1         Code  Gb  frexp.o [4]
__iar_frexpl            0x000012a1         Code  Gb  frexp.o [4]
__iar_init_vfp          0x00002051         Code  Gb  fpinit_M.o [4]
__iar_ldexp64           0x00001365         Code  Gb  ldexp.o [4]
__iar_program_start     0x000020b3   0x10  Code  Gb  startup-lab.o [1]
__iar_scalbln64         0x00001365         Code  Gb  ldexp.o [4]
__iar_scalbn64          0x00001365         Code  Gb  ldexp.o [4]
__iar_softfp___iar_frexp64
                        0x00001295         Code  Gb  frexp.o [4]
__iar_softfp_frexp      0x00001295         Code  Gb  frexp.o [4]
__iar_softfp_frexpl     0x00001295         Code  Gb  frexp.o [4]
__iar_systems$$module {Abs}
                        0x00000001         Data  Gb  command line/config [2]
__iar_unaligned_memcpy  0x0000121d         Code  Gb  ABImemcpy_unaligned.o [5]
__iar_unaligned_memcpy4
                        0x0000123d         Code  Gb  ABImemcpy_unaligned.o [5]
__iar_unaligned_memcpy8
                        0x0000123d         Code  Gb  ABImemcpy_unaligned.o [5]
__iar_zero_init3        0x00001fe9   0x40  Code  Gb  zero_init3.o [5]
__low_level_init        0x0000209f    0x4  Code  Gb  low_level_init.o [3]
__vector_table          0x00000000   0xbc  Data  Gb  startup-lab.o [1]
_call_main              0x00002091         Code  Gb  cmain.o [5]
_exit                   0x000020a9         Code  Gb  cexit.o [5]
_main                   0x0000209b         Code  Gb  cmain.o [5]
abort                   0x0000186f    0x6  Code  Gb  abort.o [3]
delay                   0x00001e9f    0xc  Code  Gb  main.o [1]
exit                    0x000020a3    0x4  Code  Gb  exit.o [3]
indication              0x00001b11  0x128  Code  Gb  main.o [1]
initialize_ADC          0x00001d31   0x70  Code  Gb  main.o [1]
initialize_GPIO_F_E     0x00001c39   0xa2  Code  Gb  main.o [1]
initialize_PLL          0x00001da1   0x6e  Code  Gb  main.o [1]
initialize_TIMER        0x00001ce1   0x50  Code  Gb  main.o [1]
intialize_UART          0x00001e0f   0x90  Code  Gb  main.o [1]
ldexp                   0x00001365         Code  Gb  ldexp.o [4]
ldexpl                  0x00001365         Code  Gb  ldexp.o [4]
main                    0x000019f5   0x22  Code  Gb  main.o [1]
memchr                  0x00000f31         Code  Gb  memchr.o [5]
printc                  0x00001afd   0x14  Code  Gb  main.o [1]
prints                  0x00001ae7   0x16  Code  Gb  main.o [1]
scalbln                 0x00001365         Code  Gb  ldexp.o [4]
scalblnl                0x00001365         Code  Gb  ldexp.o [4]
scalbn                  0x00001365         Code  Gb  ldexp.o [4]
scalbnl                 0x00001365         Code  Gb  ldexp.o [4]
scale                   0x0000075d   0x46  Code  Lc  xprintffull_nomb.o [3]
sec_hand                0x20000000    0x4  Data  Lc  xfail_s.o [3]
sprintf                 0x00001fa9   0x40  Code  Gb  sprintf.o [3]
strchr                  0x00000e9d         Code  Gb  strchr.o [5]
strlen                  0x00000ef9         Code  Gb  strlen.o [5]


[1] = C:\Users\chenb24\Desktop\EE474-lab#5\Debug\Obj
[2] = command line
[3] = dl7M_tln.a
[4] = m7M_tls.a
[5] = rt7M_tl.a
[6] = shb_l.a

  8 180 bytes of readonly  code memory
    206 bytes of readonly  data memory
  4 100 bytes of readwrite data memory

Errors: none
Warnings: none
